// Jest Snapshot v1, https://goo.gl/fbAQLP

exports[`Header renders correctly 1`] = `
<header
  style={
    Object {
      "display": "block",
      "marginBottom": "1rem",
      "marginTop": "1.45rem",
    }
  }
>
  <div
    style={
      Object {
        "margin": "0 auto",
        "maxWidth": 960,
        "padding": "1.45rem 1.0875rem",
      }
    }
  >
    <h1
      style={
        Object {
          "margin": 0,
          "textAlign": "center",
        }
      }
    >
      <a
        aria-current="page"
        className=""
        href="/"
        onClick={[Function]}
        onMouseEnter={[Function]}
        style={
          Object {
            "color": "black",
            "fontFamily": "Ovo",
            "textDecoration": "none",
          }
        }
      >
        siteMetadata.title
      </a>
    </h1>
  </div>
</header>
`;
